# app.log — application log output (runtime entries appended here)
2026-07-15 15:09:05,267 - clinic_rag_bot - INFO - Logger initialized
2026-07-15 15:09:05,267 - clinic_rag_bot - INFO - Initializing Chroma PersistentClient (local mode)...
2026-07-18 19:47:44,540 - clinic_rag_bot - INFO - Logger initialized
2026-07-18 19:47:49,853 - clinic_rag_bot - INFO - Initializing Chroma CloudClient...
2026-07-18 19:47:56,142 - clinic_rag_bot - INFO - Initializing Chroma CloudClient...
2026-08-03 22:57:55,398 - clinic_rag_bot - INFO - Logger initialized
2026-08-03 22:57:55,398 - clinic_rag_bot - INFO - Initializing Chroma CloudClient...
2026-08-03 22:57:55,398 - clinic_rag_bot - WARNING - Retrieval failed for request 'I have a headache and want to know more': Missing required arguments: api_key. Please provide them or set the environment variables: CHROMA_API_KEY
2026-08-03 22:59:44,968 - clinic_rag_bot - INFO - Logger initialized
2026-08-03 22:59:44,987 - clinic_rag_bot - INFO - Initializing Chroma CloudClient...
2026-08-03 22:59:44,987 - clinic_rag_bot - WARNING - Retrieval failed for request 'I have a headache and want to know more': Missing required arguments: api_key. Please provide them or set the environment variables: CHROMA_API_KEY
2026-08-03 23:08:11,045 - clinic_rag_bot - INFO - Logger initialized
2026-08-03 23:08:11,045 - clinic_rag_bot - INFO - Initializing Chroma CloudClient...
2026-08-03 23:08:12,638 - clinic_rag_bot - WARNING - Retrieval failed for request 'I have a headache and want to know more': Could not determine a database name from the current authentication method. Please provide a database name.
2026-08-03 23:09:17,586 - clinic_rag_bot - INFO - Logger initialized
2026-08-03 23:09:17,589 - clinic_rag_bot - INFO - Initializing Chroma CloudClient...
2026-08-03 23:09:18,413 - clinic_rag_bot - WARNING - Retrieval failed for request 'I have a headache and want to know more': Could not determine a database name from the current authentication method. Please provide a database name.
2026-08-03 23:12:34,516 - clinic_rag_bot - INFO - Logger initialized
2026-08-03 23:12:34,521 - clinic_rag_bot - INFO - Initializing Chroma CloudClient...
2026-08-03 23:13:19,059 - clinic_rag_bot - INFO - Logger initialized
2026-08-03 23:13:19,063 - clinic_rag_bot - INFO - Initializing Chroma CloudClient...
2026-08-03 23:14:12,261 - clinic_rag_bot - INFO - Logger initialized
2026-08-03 23:14:12,265 - clinic_rag_bot - INFO - Initializing Chroma CloudClient...
2026-08-03 23:14:13,034 - clinic_rag_bot - WARNING - Falling back to no-op vector store: Could not determine a database name from the current authentication method. Please provide a database name.
2026-08-04 19:02:57,050 - clinic_rag_bot - INFO - Logger initialized
2026-08-04 19:03:01,864 - clinic_rag_bot - INFO - Initializing Chroma PersistentClient (local mode)...
2026-08-04 19:03:25,179 - clinic_rag_bot - INFO - Logger initialized
2026-08-04 19:03:29,801 - clinic_rag_bot - INFO - Initializing Chroma PersistentClient (local mode)...
2026-08-04 19:04:05,940 - clinic_rag_bot - INFO - Logger initialized
2026-08-04 19:04:10,721 - clinic_rag_bot - INFO - Initializing Chroma PersistentClient (local mode)...
2026-08-04 19:27:15,358 - clinic_rag_bot - INFO - Logger initialized
2026-08-04 19:27:20,007 - clinic_rag_bot - INFO - Initializing Chroma PersistentClient (local mode)...
2026-08-04 20:08:08,425 - clinic_rag_bot - INFO - Logger initialized
2026-08-04 20:08:13,551 - clinic_rag_bot - INFO - Initializing Chroma PersistentClient (local mode)...
2026-08-04 20:11:22,572 - clinic_rag_bot - INFO - Logger initialized
2026-08-04 20:11:27,216 - clinic_rag_bot - INFO - Initializing Chroma PersistentClient (local mode)...
2026-08-04 20:13:12,378 - clinic_rag_bot - INFO - Logger initialized
2026-08-04 20:13:17,442 - clinic_rag_bot - INFO - Initializing Chroma PersistentClient (local mode)...
2026-08-04 21:12:13,363 - clinic_rag_bot - INFO - Logger initialized
2026-08-04 21:12:18,025 - clinic_rag_bot - INFO - Initializing Chroma PersistentClient (local mode)...
2026-08-04 21:23:36,716 - clinic_rag_bot - INFO - Logger initialized
2026-08-04 21:23:41,090 - clinic_rag_bot - INFO - Initializing Chroma PersistentClient (local mode)...
2026-08-04 21:28:14,342 - clinic_rag_bot - INFO - Logger initialized
2026-08-04 21:28:18,703 - clinic_rag_bot - INFO - Initializing Chroma PersistentClient (local mode)...
2026-08-04 21:28:58,904 - clinic_rag_bot - INFO - Logger initialized
2026-08-04 21:29:03,336 - clinic_rag_bot - INFO - Initializing Chroma PersistentClient (local mode)...
2026-08-04 21:29:33,894 - clinic_rag_bot - INFO - Logger initialized
2026-08-04 21:29:38,382 - clinic_rag_bot - INFO - Initializing Chroma PersistentClient (local mode)...
2026-08-04 21:29:38,861 - clinic_rag_bot - INFO - Successfully added 1 documents to collection 'clinic_data'
2026-08-04 21:29:39,165 - clinic_rag_bot - INFO - Successfully added 1 documents to collection 'clinic_data'
2026-08-04 21:29:39,502 - clinic_rag_bot - INFO - Successfully added 1 documents to collection 'clinic_data'
2026-08-04 21:29:39,803 - clinic_rag_bot - INFO - Successfully added 1 documents to collection 'clinic_data'
2026-08-04 21:29:40,093 - clinic_rag_bot - INFO - Successfully added 1 documents to collection 'clinic_data'
2026-08-04 21:29:40,411 - clinic_rag_bot - INFO - Successfully added 1 documents to collection 'clinic_data'
2026-08-04 21:29:40,704 - clinic_rag_bot - INFO - Successfully added 1 documents to collection 'clinic_data'
2026-08-04 21:29:40,983 - clinic_rag_bot - INFO - Successfully added 1 documents to collection 'clinic_data'
2026-08-04 21:29:41,272 - clinic_rag_bot - INFO - Successfully added 1 documents to collection 'clinic_data'
2026-08-04 21:29:41,545 - clinic_rag_bot - INFO - Successfully added 1 documents to collection 'clinic_data'
2026-08-04 21:29:41,838 - clinic_rag_bot - INFO - Successfully added 1 documents to collection 'clinic_data'
2026-08-04 21:29:42,154 - clinic_rag_bot - INFO - Successfully added 1 documents to collection 'clinic_data'
2026-08-04 21:29:42,467 - clinic_rag_bot - INFO - Successfully added 1 documents to collection 'clinic_data'
2026-08-04 21:29:42,734 - clinic_rag_bot - INFO - Successfully added 1 documents to collection 'clinic_data'
2026-08-04 21:29:43,006 - clinic_rag_bot - INFO - Successfully added 1 documents to collection 'clinic_data'
2026-08-04 21:29:43,288 - clinic_rag_bot - INFO - Successfully added 1 documents to collection 'clinic_data'
2026-08-04 21:29:43,581 - clinic_rag_bot - INFO - Successfully added 1 documents to collection 'clinic_data'
2026-08-04 21:29:43,856 - clinic_rag_bot - INFO - Successfully added 1 documents to collection 'clinic_data'
2026-08-04 21:29:44,153 - clinic_rag_bot - INFO - Successfully added 1 documents to collection 'clinic_data'
2026-08-04 21:29:44,458 - clinic_rag_bot - INFO - Successfully added 1 documents to collection 'clinic_data'
2026-08-04 21:29:44,705 - clinic_rag_bot - INFO - Successfully added 1 documents to collection 'clinic_data'
2026-08-04 21:29:48,834 - clinic_rag_bot - INFO - Initializing Chroma PersistentClient (local mode)...
2026-08-05 18:29:10,023 - clinic_rag_bot - INFO - Logger initialized
2026-08-05 18:29:14,721 - clinic_rag_bot - INFO - Initializing Chroma PersistentClient (local mode)...
2026-08-05 18:32:52,771 - clinic_rag_bot - INFO - Logger initialized
2026-08-05 18:32:57,393 - clinic_rag_bot - INFO - Initializing Chroma PersistentClient (local mode)...
2026-08-05 20:08:08,236 - clinic_rag_bot - INFO - Logger initialized
2026-08-05 20:08:12,920 - clinic_rag_bot - INFO - Initializing Chroma PersistentClient (local mode)...
2026-08-05 20:08:40,582 - clinic_rag_bot - INFO - Logger initialized
2026-08-05 20:08:45,360 - clinic_rag_bot - INFO - Initializing Chroma PersistentClient (local mode)...
2026-08-05 20:13:37,278 - clinic_rag_bot - INFO - Logger initialized
2026-08-05 20:13:43,085 - clinic_rag_bot - INFO - Initializing Chroma PersistentClient (local mode)...
2026-08-05 20:44:44,935 - clinic_rag_bot - INFO - Logger initialized
2026-08-05 20:44:49,967 - clinic_rag_bot - INFO - Initializing Chroma PersistentClient (local mode)...
2026-08-05 21:02:02,670 - clinic_rag_bot - INFO - Logger initialized
2026-08-05 21:02:07,414 - clinic_rag_bot - INFO - Initializing Chroma PersistentClient (local mode)...
2026-08-05 21:02:27,789 - clinic_rag_bot - INFO - Logger initialized
2026-08-05 21:02:32,495 - clinic_rag_bot - INFO - Initializing Chroma PersistentClient (local mode)...
2026-08-05 21:02:55,163 - clinic_rag_bot - INFO - Logger initialized
2026-08-05 21:02:59,853 - clinic_rag_bot - INFO - Initializing Chroma PersistentClient (local mode)...
2026-08-05 21:03:03,961 - clinic_rag_bot - INFO - Starting Telegram bot...
2026-08-05 21:03:03,961 - clinic_rag_bot - ERROR - Unable to start the Telegram bot: No module named 'telegram_bot'
2026-08-05 21:06:09,152 - clinic_rag_bot - INFO - Logger initialized
2026-08-05 21:06:14,076 - clinic_rag_bot - INFO - Initializing Chroma PersistentClient (local mode)...
2026-08-05 21:06:18,534 - clinic_rag_bot - INFO - Starting Telegram bot...
2026-08-05 21:06:23,455 - clinic_rag_bot - INFO - Initializing Chroma PersistentClient (local mode)...
2026-08-05 21:12:07,461 - clinic_rag_bot - INFO - Logger initialized
2026-08-05 21:12:12,189 - clinic_rag_bot - INFO - Initializing Chroma PersistentClient (local mode)...
2026-08-05 21:13:44,648 - clinic_rag_bot - INFO - Logger initialized
2026-08-05 21:13:49,850 - clinic_rag_bot - INFO - Initializing Chroma PersistentClient (local mode)...
2026-08-05 21:13:54,351 - clinic_rag_bot - INFO - Starting Telegram bot...
2026-08-05 21:13:59,761 - clinic_rag_bot - INFO - Initializing Chroma PersistentClient (local mode)...
2026-08-05 21:14:40,587 - clinic_rag_bot - INFO - Logger initialized
2026-08-05 21:14:45,201 - clinic_rag_bot - INFO - Initializing Chroma PersistentClient (local mode)...
2026-08-05 21:18:17,517 - clinic_rag_bot - INFO - Logger initialized
2026-08-05 21:18:22,014 - clinic_rag_bot - INFO - Initializing Chroma PersistentClient (local mode)...
2026-08-05 21:18:26,589 - clinic_rag_bot - INFO - Starting Telegram bot...
2026-08-05 21:18:30,809 - clinic_rag_bot - INFO - Initializing Chroma PersistentClient (local mode)...
